 Image job-board-web Building 
#1 [internal] load local bake definitions
#1 reading from stdin 488B done
#1 DONE 0.0s

#2 [internal] load build definition from Dockerfile
#2 transferring dockerfile: 2.90kB 0.0s done
#2 DONE 0.1s

#3 resolve image config for docker-image://docker.io/docker/dockerfile:1
#3 DONE 1.9s

#4 docker-image://docker.io/docker/dockerfile:1@sha256:2780b5c3bab67f1f76c781860de469442999ed1a0d7992a5efdf2cffc0e3d769
#4 resolve docker.io/docker/dockerfile:1@sha256:2780b5c3bab67f1f76c781860de469442999ed1a0d7992a5efdf2cffc0e3d769 0.1s done
#4 CACHED

#5 [internal] load metadata for docker.io/library/ruby:4.0.3-slim
#5 DONE 1.2s

#6 [internal] load .dockerignore
#6 transferring context: 916B 0.0s done
#6 DONE 0.0s

#7 [base 1/3] FROM docker.io/library/ruby:4.0.3-slim@sha256:198547d3216e0efe6fb337997f22fa98eef4270b38033a697dad148d9d8b9b0d
#7 resolve docker.io/library/ruby:4.0.3-slim@sha256:198547d3216e0efe6fb337997f22fa98eef4270b38033a697dad148d9d8b9b0d 0.1s done
#7 DONE 0.1s

#8 [internal] load build context
#8 transferring context: 38.66kB 0.0s done
#8 DONE 0.1s

#9 [base 2/3] WORKDIR /rails
#9 CACHED

#10 [base 3/3] RUN apt-get update -qq &&     apt-get install --no-install-recommends -y curl libjemalloc2 libvips postgresql-client &&     ln -s /usr/lib/$(uname -m)-linux-gnu/libjemalloc.so.2 /usr/local/lib/libjemalloc.so &&     rm -rf /var/lib/apt/lists /var/cache/apt/archives
#10 CACHED

#11 [build 1/7] RUN apt-get update -qq &&     apt-get install --no-install-recommends -y build-essential git libpq-dev libvips libyaml-dev pkg-config &&     rm -rf /var/lib/apt/lists /var/cache/apt/archives
#11 CACHED

#12 [build 2/7] COPY vendor/* ./vendor/
#12 CACHED

#13 [build 3/7] COPY Gemfile Gemfile.lock ./
#13 DONE 0.1s

#14 [build 4/7] RUN bundle install &&     rm -rf ~/.bundle/ "/usr/local/bundle"/ruby/*/cache "/usr/local/bundle"/ruby/*/bundler/gems/*/.git &&     bundle exec bootsnap precompile -j 1 --gemfile
#14 0.635 Bundler 4.0.6 is running, but your lockfile was generated with 4.0.11. Installing Bundler 4.0.11 and restarting using that version.
#14 8.367 Fetching gem metadata from https://rubygems.org/.
#14 8.681 Fetching bundler 4.0.11
#14 8.869 Installing bundler 4.0.11
#14 9.506 Fetching https://github.com/heartcombo/devise.git
#14 16.72 Fetching gem metadata from https://rubygems.org/.........
#14 46.94 Fetching rake 13.4.2
#14 47.59 Installing rake 13.4.2
#14 47.63 Fetching base64 0.3.0
#14 47.63 Fetching bigdecimal 4.1.2
#14 47.63 Fetching concurrent-ruby 1.3.6
#14 47.63 Fetching connection_pool 3.0.2
#14 47.82 Fetching drb 2.2.3
#14 47.84 Fetching i18n 1.14.8
#14 47.94 Fetching json 2.19.4
#14 47.98 Fetching logger 1.7.0
#14 48.07 Fetching prism 1.9.0
#14 48.10 Fetching minitest 6.0.6
#14 48.26 Installing json 2.19.4 with native extensions
#14 48.27 Installing bigdecimal 4.1.2 with native extensions
#14 48.44 Fetching securerandom 0.4.1
#14 48.49 Fetching tzinfo 2.0.6
#14 48.89 Fetching uri 1.1.1
#14 48.91 Fetching activesupport 8.1.3
#14 49.11 Installing prism 1.9.0 with native extensions
#14 49.20 Fetching builder 3.3.0
#14 49.24 Fetching erubi 1.13.1
#14 49.28 Fetching racc 1.8.1
#14 49.54 Fetching nokogiri 1.19.3 (x86_64-linux-gnu)
#14 51.02 Installing racc 1.8.1 with native extensions
#14 54.26 Fetching rails-dom-testing 2.3.0
#14 54.36 Fetching crass 1.0.6
#14 54.45 Fetching loofah 2.25.1
#14 54.77 Fetching rails-html-sanitizer 1.7.0
#14 54.93 Fetching actionview 8.1.3
#14 55.10 Fetching rack 3.2.6
#14 55.31 Fetching rack-session 2.1.2
#14 55.37 Fetching rack-test 2.2.0
#14 55.41 Fetching useragent 0.16.11
#14 55.45 Fetching actionpack 8.1.3
#14 55.60 Fetching prettyprint 0.2.0
#14 56.01 Fetching pp 0.6.3
#14 56.06 Fetching erb 6.0.4
#14 56.11 Fetching date 3.5.1
#14 56.52 Installing erb 6.0.4 with native extensions
#14 63.58 Installing date 3.5.1 with native extensions
#14 136.2 Fetching stringio 3.2.0
#14 136.8 Fetching psych 5.3.1
#14 137.4 Installing stringio 3.2.0 with native extensions
#14 142.8 Fetching tsort 0.2.0
#14 142.9 Fetching rdoc 7.0.3
#14 143.2 Fetching io-console 0.8.2
#14 143.5 Fetching reline 0.6.3
#14 143.6 Installing io-console 0.8.2 with native extensions
#14 145.1 Fetching irb 1.18.0
#14 145.2 Fetching rackup 2.3.1
#14 145.4 Fetching thor 1.5.0
#14 145.5 Fetching zeitwerk 2.7.5
#14 145.7 Fetching railties 8.1.3
#14 146.8 Fetching action_text-trix 2.1.18
#14 146.9 Fetching nio4r 2.7.5
#14 147.2 Fetching websocket-extensions 0.1.5
#14 147.2 Fetching websocket-driver 0.8.0
#14 147.2 Installing nio4r 2.7.5 with native extensions
#14 147.3 Fetching actioncable 8.1.3
#14 147.4 Fetching globalid 1.3.0
#14 147.4 Fetching activejob 8.1.3
#14 147.6 Fetching activemodel 8.1.3
#14 147.6 Fetching timeout 0.6.1
#14 147.6 Fetching activerecord 8.1.3
#14 147.7 Fetching marcel 1.1.0
#14 147.8 Fetching activestorage 8.1.3
#14 147.8 Fetching mini_mime 1.1.5
#14 147.8 Fetching net-protocol 0.2.2
#14 148.1 Fetching net-imap 0.6.4
#14 148.2 Fetching net-pop 0.1.2
#14 148.2 Fetching net-smtp 0.5.1
#14 148.2 Fetching mail 2.9.0
#14 148.3 Fetching actionmailbox 8.1.3
#14 148.3 Fetching actionmailer 8.1.3
#14 148.4 Fetching actiontext 8.1.3
#14 148.5 Fetching ast 2.4.3
#14 148.5 Fetching bcrypt 3.1.22
#14 148.6 Fetching bcrypt_pbkdf 1.1.2
#14 148.6 Installing bcrypt 3.1.22 with native extensions
#14 153.9 Installing bcrypt_pbkdf 1.1.2 with native extensions
#14 159.3 Fetching msgpack 1.8.0
#14 159.6 Fetching bootsnap 1.24.1
#14 159.8 Installing msgpack 1.8.0 with native extensions
#14 163.8 Fetching popper_js 2.11.8
#14 164.0 Fetching bootstrap 5.3.8
#14 164.6 Fetching brakeman 8.0.4
#14 164.9 Fetching bundler-audit 0.9.3
#14 165.1 Fetching google-protobuf 4.34.1 (x86_64-linux-gnu)
#14 165.5 Fetching sass-embedded 1.99.0 (x86_64-linux-gnu)
#14 165.6 Fetching sassc-embedded 1.80.8
#14 166.0 Fetching sprockets 4.2.2
#14 166.2 Fetching sprockets-rails 3.5.2
#14 166.3 Fetching tilt 2.7.0
#14 166.5 Fetching dartsass-sprockets 3.2.1
#14 166.6 Fetching debug 1.11.1
#14 166.7 Fetching orm_adapter 0.5.0
#14 167.1 Fetching responders 3.2.0
#14 167.1 Fetching warden 1.2.9
#14 167.2 Fetching dotenv 3.2.0
#14 167.2 Fetching ed25519 1.4.0
#14 167.2 Fetching et-orbi 1.4.0
#14 167.2 Fetching ffi 1.17.4 (x86_64-linux-gnu)
#14 167.3 Installing ed25519 1.4.0 with native extensions
#14 167.6 Fetching raabro 1.4.0
#14 167.6 Fetching fugit 1.12.1
#14 167.6 Fetching mini_magick 5.3.1
#14 167.7 Fetching ruby-vips 2.3.0
#14 167.7 Fetching image_processing 1.14.0
#14 167.8 Fetching importmap-rails 2.2.3
#14 167.9 Fetching net-ssh 7.3.2
#14 168.0 Fetching net-scp 4.1.0
#14 168.1 Fetching net-sftp 4.0.0
#14 168.1 Fetching ostruct 0.6.3
#14 168.1 Fetching sshkit 1.25.0
#14 168.2 Fetching kamal 2.11.0
#14 168.3 Fetching language_server-protocol 3.17.0.5
#14 168.3 Fetching lint_roller 1.1.0
#14 168.4 Fetching parallel 2.1.0
#14 168.8 Fetching parser 3.3.11.1
#14 168.8 Fetching pg 1.6.3 (x86_64-linux)
#14 169.8 Fetching puma 6.6.1
#14 169.9 Fetching rails 8.1.3
#14 170.1 Installing puma 6.6.1 with native extensions
#14 170.2 Fetching rainbow 3.1.1
#14 170.2 Fetching regexp_parser 2.12.0
#14 170.3 Fetching rubocop-ast 1.49.1
#14 170.4 Fetching ruby-progressbar 1.13.0
#14 170.5 Fetching unicode-emoji 4.2.0
#14 170.7 Fetching unicode-display_width 3.2.0
#14 170.7 Fetching rubocop 1.86.1
#14 171.0 Fetching rubocop-performance 1.26.1
#14 171.2 Fetching rubocop-rails 2.34.3
#14 171.3 Fetching rubocop-rails-omakase 1.1.0
#14 171.3 Fetching solid_cable 3.0.12
#14 171.3 Fetching solid_cache 1.0.10
#14 171.4 Fetching solid_queue 1.4.0
#14 171.6 Fetching stimulus-rails 1.3.4
#14 171.7 Fetching thruster 0.1.20 (x86_64-linux)
#14 175.8 Fetching turbo-rails 2.0.23
#14 176.1 Installing connection_pool 3.0.2
#14 176.3 Installing base64 0.3.0
#14 176.4 Installing drb 2.2.3
#14 176.5 Installing i18n 1.14.8
#14 176.6 Installing logger 1.7.0
#14 176.7 Installing minitest 6.0.6
#14 176.8 Installing concurrent-ruby 1.3.6
#14 177.3 Installing securerandom 0.4.1
#14 177.3 Installing tzinfo 2.0.6
#14 177.4 Installing uri 1.1.1
#14 177.4 Installing activesupport 8.1.3
#14 177.9 Installing builder 3.3.0
#14 177.9 Installing erubi 1.13.1
#14 178.0 Installing nokogiri 1.19.3 (x86_64-linux-gnu)
#14 178.4 Installing rails-dom-testing 2.3.0
#14 178.5 Installing crass 1.0.6
#14 178.5 Installing loofah 2.25.1
#14 178.5 Installing rails-html-sanitizer 1.7.0
#14 178.5 Installing actionview 8.1.3
#14 178.6 Installing rack 3.2.6
#14 178.7 Installing rack-session 2.1.2
#14 178.7 Installing rack-test 2.2.0
#14 178.7 Installing useragent 0.16.11
#14 178.8 Installing actionpack 8.1.3
#14 178.9 Installing prettyprint 0.2.0
#14 179.0 Installing pp 0.6.3
#14 179.0 Installing tsort 0.2.0
#14 179.0 Installing psych 5.3.1 with native extensions
#14 179.5 Installing rdoc 7.0.3
#14 179.7 Installing reline 0.6.3
#14 179.7 Installing irb 1.18.0
#14 179.8 Installing rackup 2.3.1
#14 179.8 Installing thor 1.5.0
#14 179.9 Installing zeitwerk 2.7.5
#14 179.9 Installing railties 8.1.3
#14 180.9 Installing action_text-trix 2.1.18
#14 180.9 Installing websocket-extensions 0.1.5
#14 180.9 Installing actioncable 8.1.3
#14 181.0 Installing websocket-driver 0.8.0 with native extensions
#14 181.4 Installing globalid 1.3.0
#14 181.4 Installing activejob 8.1.3
#14 181.5 Installing activemodel 8.1.3
#14 181.7 Installing timeout 0.6.1
#14 181.8 Installing activerecord 8.1.3
#14 182.7 Installing marcel 1.1.0
#14 182.8 Installing activestorage 8.1.3
#14 183.0 Installing mini_mime 1.1.5
#14 183.0 Installing net-protocol 0.2.2
#14 183.1 Installing net-imap 0.6.4
#14 183.3 Installing net-pop 0.1.2
#14 183.3 Installing mail 2.9.0
#14 183.3 Installing net-smtp 0.5.1
#14 183.3 Installing actionmailbox 8.1.3
#14 183.5 Installing actionmailer 8.1.3
#14 183.6 Installing actiontext 8.1.3
#14 183.6 Installing ast 2.4.3
#14 183.6 Installing popper_js 2.11.8
#14 183.8 Installing bootsnap 1.24.1 with native extensions
#14 184.0 Installing bootstrap 5.3.8
#14 184.2 Installing bundler-audit 0.9.3
#14 184.4 Installing google-protobuf 4.34.1 (x86_64-linux-gnu)
#14 184.7 Installing brakeman 8.0.4
#14 186.0 Installing sassc-embedded 1.80.8
#14 186.2 Installing sprockets 4.2.2
#14 186.5 Installing sprockets-rails 3.5.2
#14 186.6 Installing tilt 2.7.0
#14 186.8 Installing dartsass-sprockets 3.2.1
#14 187.1 Installing debug 1.11.1 with native extensions
#14 187.2 Installing sass-embedded 1.99.0 (x86_64-linux-gnu)
#14 187.8 Installing orm_adapter 0.5.0
#14 187.9 Installing responders 3.2.0
#14 188.0 Installing warden 1.2.9
#14 188.0 Installing dotenv 3.2.0
#14 188.0 Installing et-orbi 1.4.0
#14 188.0 Installing ffi 1.17.4 (x86_64-linux-gnu)
#14 188.3 Installing raabro 1.4.0
#14 188.3 Installing fugit 1.12.1
#14 188.3 Installing mini_magick 5.3.1
#14 188.4 Installing ruby-vips 2.3.0
#14 188.5 Installing image_processing 1.14.0
#14 188.5 Installing importmap-rails 2.2.3
#14 188.6 Installing net-ssh 7.3.2
#14 188.8 Installing net-scp 4.1.0
#14 189.0 Installing net-sftp 4.0.0
#14 189.2 Installing ostruct 0.6.3
#14 189.2 Installing kamal 2.11.0
#14 189.4 Installing sshkit 1.25.0
#14 189.6 Installing lint_roller 1.1.0
#14 189.6 Installing parallel 2.1.0
#14 189.7 Installing language_server-protocol 3.17.0.5
#14 189.9 Installing parser 3.3.11.1
#14 190.5 Installing pg 1.6.3 (x86_64-linux)
#14 190.8 Installing rails 8.1.3
#14 191.0 Installing rainbow 3.1.1
#14 191.0 Installing regexp_parser 2.12.0
#14 191.4 Installing rubocop-ast 1.49.1
#14 191.7 Installing ruby-progressbar 1.13.0
#14 191.7 Installing unicode-emoji 4.2.0
#14 191.9 Installing unicode-display_width 3.2.0
#14 192.1 Installing rubocop 1.86.1
#14 192.6 Installing rubocop-performance 1.26.1
#14 192.9 Installing rubocop-rails-omakase 1.1.0
#14 192.9 Installing rubocop-rails 2.34.3
#14 192.9 Installing solid_cable 3.0.12
#14 193.2 Installing solid_cache 1.0.10
#14 193.3 Installing solid_queue 1.4.0
#14 193.4 Installing stimulus-rails 1.3.4
#14 193.7 Installing turbo-rails 2.0.23
#14 194.0 Installing thruster 0.1.20 (x86_64-linux)
#14 195.3 Bundle complete! 25 Gemfile dependencies, 125 gems now installed.
#14 195.3 Gems in the group 'development' were not installed.
#14 195.3 Bundled gems are installed into `/usr/local/bundle`
#14 195.3 Post-install message from solid_queue:
#14 195.3 Upgrading from Solid Queue < 1.0? Check details on breaking changes and upgrade instructions
#14 195.3 --> https://github.com/rails/solid_queue/blob/main/UPGRADING.md
#14 DONE 225.8s

#15 [build 5/7] COPY . .
#15 DONE 0.4s

#16 [build 6/7] RUN bundle exec bootsnap precompile -j 1 app/ lib/
#16 DONE 2.0s

#17 [build 7/7] RUN SECRET_KEY_BASE_DUMMY=1 ./bin/rails assets:precompile
#17 9.017 DEPRECATION WARNING [import]: Sass @import rules are deprecated and will be removed in Dart Sass 3.0.0.
#17 9.017 
#17 9.017 More info and automated migrator: https://sass-lang.com/d/import
#17 9.017 
#17 9.017    ╷
#17 9.017 31 │ @import 'bootstrap';
#17 9.017    │         ^^^^^^^^^^^
#17 9.017    ╵
#17 9.017     /rails/app/assets/stylesheets/application.scss 31:9  root stylesheet
#17 10.64 DEPRECATION WARNING [import]: Sass @import rules are deprecated and will be removed in Dart Sass 3.0.0.
#17 10.64 
#17 10.64 More info and automated migrator: https://sass-lang.com/d/import
#17 10.64 
#17 10.64   ╷
#17 10.64 1 │ @import "bootstrap/mixins/banner";
#17 10.64   │         ^^^^^^^^^^^^^^^^^^^^^^^^^
#17 10.64   ╵
#17 10.64     ../../../../bootstrap-5.3.8/assets/stylesheets/_bootstrap.scss 1:9  @import
#17 10.64     /rails/app/assets/stylesheets/application.scss 31:9                 root stylesheet
#17 10.65 DEPRECATION WARNING [import]: Sass @import rules are deprecated and will be removed in Dart Sass 3.0.0.
#17 10.65 
#17 10.65 More info and automated migrator: https://sass-lang.com/d/import
#17 10.65 
#17 10.65   ╷
#17 10.65 7 │ @import "bootstrap/functions";
#17 10.65   │         ^^^^^^^^^^^^^^^^^^^^^
#17 10.65   ╵
#17 10.65     ../../../../bootstrap-5.3.8/assets/stylesheets/_bootstrap.scss 7:9  @import
#17 10.65     /rails/app/assets/stylesheets/application.scss 31:9                 root stylesheet
#17 10.65 DEPRECATION WARNING [import]: Sass @import rules are deprecated and will be removed in Dart Sass 3.0.0.
#17 10.65 
#17 10.65 More info and automated migrator: https://sass-lang.com/d/import
#17 10.65 
#17 10.65   ╷
#17 10.65 8 │ @import "bootstrap/variables";
#17 10.65   │         ^^^^^^^^^^^^^^^^^^^^^
#17 10.65   ╵
#17 10.65     ../../../../bootstrap-5.3.8/assets/stylesheets/_bootstrap.scss 8:9  @import
#17 10.65     /rails/app/assets/stylesheets/application.scss 31:9                 root stylesheet
#17 10.66 DEPRECATION WARNING [import]: Sass @import rules are deprecated and will be removed in Dart Sass 3.0.0.
#17 10.66 
#17 10.66 More info and automated migrator: https://sass-lang.com/d/import
#17 10.66 
#17 10.66   ╷
#17 10.66 9 │ @import "bootstrap/variables-dark";
#17 10.66   │         ^^^^^^^^^^^^^^^^^^^^^^^^^^
#17 10.66   ╵
#17 10.66     ../../../../bootstrap-5.3.8/assets/stylesheets/_bootstrap.scss 9:9  @import
#17 10.66     /rails/app/assets/stylesheets/application.scss 31:9                 root stylesheet
#17 10.67 DEPRECATION WARNING [if-function]: The Sass if() syntax is deprecated in favor of the modern CSS syntax.
#17 10.67 
#17 10.67 Suggestion: if(sass($arg == "$value"): $value; else: $arg)
#17 10.67 
#17 10.67 More info: https://sass-lang.com/d/if-function
#17 10.67 
#17 10.67    ╷
#17 10.67 58 │       $_args: append($_args, if($arg == "$key", $key, if($arg == "$value", $value, $arg)));
#17 10.67    │                                                       ^^^^^^^^^^^^^^^^^^^^^^^^^^^^^^^^^^
#17 10.67    ╵
#17 10.67     ../../../../bootstrap-5.3.8/assets/stylesheets/bootstrap/_functions.scss 58:55  @import
#17 10.67     ../../../../bootstrap-5.3.8/assets/stylesheets/_bootstrap.scss 7:9              @import
#17 10.67     /rails/app/assets/stylesheets/application.scss 31:9                             root stylesheet
#17 10.69 DEPRECATION WARNING [if-function]: The Sass if() syntax is deprecated in favor of the modern CSS syntax.
#17 10.69 
#17 10.69 Suggestion: if(sass($arg == "$key"): $key; else: if($arg == "$value", $value, $arg))
#17 10.69 
#17 10.69 More info: https://sass-lang.com/d/if-function
#17 10.69 
#17 10.69    ╷
#17 10.69 58 │       $_args: append($_args, if($arg == "$key", $key, if($arg == "$value", $value, $arg)));
#17 10.69    │                              ^^^^^^^^^^^^^^^^^^^^^^^^^^^^^^^^^^^^^^^^^^^^^^^^^^^^^^^^^^^^
#17 10.69    ╵
#17 10.69     ../../../../bootstrap-5.3.8/assets/stylesheets/bootstrap/_functions.scss 58:30  @import
#17 10.69     ../../../../bootstrap-5.3.8/assets/stylesheets/_bootstrap.scss 7:9              @import
#17 10.69     /rails/app/assets/stylesheets/application.scss 31:9                             root stylesheet
#17 10.69 DEPRECATION WARNING [if-function]: The Sass if() syntax is deprecated in favor of the modern CSS syntax.
#17 10.69 
#17 10.69 Suggestion: if(sass($l1 > $l2): divide($l1 + 0.05, $l2 + 0.05); else: divide($l2 + 0.05, $l1 + 0.05))
#17 10.69 
#17 10.69 More info: https://sass-lang.com/d/if-function
#17 10.69 
#17 10.69     ╷
#17 10.69 177 │   @return if($l1 > $l2, divide($l1 + .05, $l2 + .05), divide($l2 + .05, $l1 + .05));
#17 10.69     │           ^^^^^^^^^^^^^^^^^^^^^^^^^^^^^^^^^^^^^^^^^^^^^^^^^^^^^^^^^^^^^^^^^^^^^^^^^
#17 10.69     ╵
#17 10.69     ../../../../bootstrap-5.3.8/assets/stylesheets/bootstrap/_functions.scss 177:11  @import
#17 10.69     ../../../../bootstrap-5.3.8/assets/stylesheets/_bootstrap.scss 7:9               @import
#17 10.69     /rails/app/assets/stylesheets/application.scss 31:9                              root stylesheet
#17 10.70 DEPRECATION WARNING [if-function]: The Sass if() syntax is deprecated in favor of the modern CSS syntax.
#17 10.70 
#17 10.70 Suggestion: if(sass(divide($value, 255) < 0.04045): divide(divide($value, 255), 12.92); else: nth($_luminance-list, $value + 1))
#17 10.70 
#17 10.70 More info: https://sass-lang.com/d/if-function
#17 10.70 
#17 10.70     ╷
#17 10.70 191 │     $value: if(divide($value, 255) < .04045, divide(divide($value, 255), 12.92), nth($_luminance-list, $value + 1));
#17 10.70     │             ^^^^^^^^^^^^^^^^^^^^^^^^^^^^^^^^^^^^^^^^^^^^^^^^^^^^^^^^^^^^^^^^^^^^^^^^^^^^^^^^^^^^^^^^^^^^^^^^^^^^^^^
#17 10.70     ╵
#17 10.70     ../../../../bootstrap-5.3.8/assets/stylesheets/bootstrap/_functions.scss 191:13  @import
#17 10.70     ../../../../bootstrap-5.3.8/assets/stylesheets/_bootstrap.scss 7:9               @import
#17 10.70     /rails/app/assets/stylesheets/application.scss 31:9                              root stylesheet
#17 10.70 DEPRECATION WARNING [if-function]: The Sass if() syntax is deprecated in favor of the modern CSS syntax.
#17 10.70 
#17 10.70 Suggestion: if(sass($weight > 0): shade-color($color, $weight); else: tint-color($color, -$weight))
#17 10.70 
#17 10.70 More info: https://sass-lang.com/d/if-function
#17 10.70 
#17 10.70     ╷
#17 10.70 217 │   @return if($weight > 0, shade-color($color, $weight), tint-color($color, -$weight));
#17 10.70     │           ^^^^^^^^^^^^^^^^^^^^^^^^^^^^^^^^^^^^^^^^^^^^^^^^^^^^^^^^^^^^^^^^^^^^^^^^^^^
#17 10.70     ╵
#17 10.70     ../../../../bootstrap-5.3.8/assets/stylesheets/bootstrap/_functions.scss 217:11  @import
#17 10.70     ../../../../bootstrap-5.3.8/assets/stylesheets/_bootstrap.scss 7:9               @import
#17 10.70     /rails/app/assets/stylesheets/application.scss 31:9                              root stylesheet
#17 10.73 DEPRECATION WARNING [global-builtin]: Global built-in functions are deprecated and will be removed in Dart Sass 3.0.0.
#17 10.73 Use color.mix instead.
#17 10.73 
#17 10.73 More info and automated migrator: https://sass-lang.com/d/import
#17 10.73 
#17 10.73     ╷
#17 10.73 207 │   @return mix(white, $color, $weight);
#17 10.73     │           ^^^^^^^^^^^^^^^^^^^^^^^^^^^
#17 10.73     ╵
#17 10.73     ../../../../bootstrap-5.3.8/assets/stylesheets/bootstrap/_functions.scss 207:11  tint-color()
#17 10.73     ../../../../bootstrap-5.3.8/assets/stylesheets/bootstrap/_variables.scss 79:12   @import
#17 10.73     ../../../../bootstrap-5.3.8/assets/stylesheets/_bootstrap.scss 8:9               @import
#17 10.73     /rails/app/assets/stylesheets/application.scss 31:9                              root stylesheet
#17 10.73 DEPRECATION WARNING [global-builtin]: Global built-in functions are deprecated and will be removed in Dart Sass 3.0.0.
#17 10.73 Use color.mix instead.
#17 10.73 
#17 10.73 More info and automated migrator: https://sass-lang.com/d/import
#17 10.73 
#17 10.73     ╷
#17 10.73 212 │   @return mix(black, $color, $weight);
#17 10.73     │           ^^^^^^^^^^^^^^^^^^^^^^^^^^^
#17 10.73     ╵
#17 10.73     ../../../../bootstrap-5.3.8/assets/stylesheets/bootstrap/_functions.scss 212:11  shade-color()
#17 10.73     ../../../../bootstrap-5.3.8/assets/stylesheets/bootstrap/_variables.scss 84:12   @import
#17 10.73     ../../../../bootstrap-5.3.8/assets/stylesheets/_bootstrap.scss 8:9               @import
#17 10.73     /rails/app/assets/stylesheets/application.scss 31:9                              root stylesheet
#17 10.74 DEPRECATION WARNING [global-builtin]: Global built-in functions are deprecated and will be removed in Dart Sass 3.0.0.
#17 10.74 Use color.mix instead.
#17 10.74 
#17 10.74 More info and automated migrator: https://sass-lang.com/d/import
#17 10.74 
#17 10.74     ╷
#17 10.74 342 │ $light-bg-subtle:         mix($gray-100, $white) !default;
#17 10.74     │                           ^^^^^^^^^^^^^^^^^^^^^^
#17 10.74     ╵
#17 10.74     ../../../../bootstrap-5.3.8/assets/stylesheets/bootstrap/_variables.scss 342:27  @import
#17 10.74     ../../../../bootstrap-5.3.8/assets/stylesheets/_bootstrap.scss 8:9               @import
#17 10.74     /rails/app/assets/stylesheets/application.scss 31:9                              root stylesheet
#17 10.74 DEPRECATION WARNING [global-builtin]: Global built-in functions are deprecated and will be removed in Dart Sass 3.0.0.
#17 10.74 Use math.unit instead.
#17 10.74 
#17 10.74 More info and automated migrator: https://sass-lang.com/d/import
#17 10.74 
#17 10.74    ╷
#17 10.74 11 │     @if $prev-num == null or unit($num) == "%" or unit($prev-num) == "%" {
#17 10.74    │                              ^^^^^^^^^^
#17 10.74    ╵
#17 10.74     ../../../../bootstrap-5.3.8/assets/stylesheets/bootstrap/_functions.scss 11:30  -assert-ascending()
#17 10.74     ../../../../bootstrap-5.3.8/assets/stylesheets/bootstrap/_variables.scss 494:1  @import
#17 10.74     ../../../../bootstrap-5.3.8/assets/stylesheets/_bootstrap.scss 8:9              @import
#17 10.74     /rails/app/assets/stylesheets/application.scss 31:9                             root stylesheet
#17 10.74 DEPRECATION WARNING [global-builtin]: Global built-in functions are deprecated and will be removed in Dart Sass 3.0.0.
#17 10.74 Use math.unit instead.
#17 10.74 
#17 10.74 More info and automated migrator: https://sass-lang.com/d/import
#17 10.74 
#17 10.74    ╷
#17 10.74 11 │     @if $prev-num == null or unit($num) == "%" or unit($prev-num) == "%" {
#17 10.74    │                                                   ^^^^^^^^^^^^^^^
#17 10.74    ╵
#17 10.74     ../../../../bootstrap-5.3.8/assets/stylesheets/bootstrap/_functions.scss 11:51  -assert-ascending()
#17 10.74     ../../../../bootstrap-5.3.8/assets/stylesheets/bootstrap/_variables.scss 494:1  @import
#17 10.74     ../../../../bootstrap-5.3.8/assets/stylesheets/_bootstrap.scss 8:9              @import
#17 10.74     /rails/app/assets/stylesheets/application.scss 31:9                             root stylesheet
#17 10.74 DEPRECATION WARNING [color-functions]: red() is deprecated. Suggestion:
#17 10.74 
#17 10.74 color.channel($color, "red", $space: rgb)
#17 10.74 
#17 10.74 More info: https://sass-lang.com/d/color-functions
#17 10.74 
#17 10.74     ╷
#17 10.74 185 │     "r": red($color),
#17 10.74     │          ^^^^^^^^^^^
#17 10.74     ╵
#17 10.74     ../../../../bootstrap-5.3.8/assets/stylesheets/bootstrap/_functions.scss 185:10  luminance()
#17 10.74     ../../../../bootstrap-5.3.8/assets/stylesheets/bootstrap/_functions.scss 174:8   contrast-ratio()
#17 10.74     ../../../../bootstrap-5.3.8/assets/stylesheets/bootstrap/_functions.scss 159:22  color-contrast()
#17 10.74     ../../../../bootstrap-5.3.8/assets/stylesheets/bootstrap/_variables.scss 846:42  @import
#17 10.74     ../../../../bootstrap-5.3.8/assets/stylesheets/_bootstrap.scss 8:9               @import
#17 10.74     /rails/app/assets/stylesheets/application.scss 31:9                              root stylesheet
#17 10.75 DEPRECATION WARNING [color-functions]: green() is deprecated. Suggestion:
#17 10.75 
#17 10.75 color.channel($color, "green", $space: rgb)
#17 10.75 
#17 10.75 More info: https://sass-lang.com/d/color-functions
#17 10.75 
#17 10.75     ╷
#17 10.75 186 │     "g": green($color),
#17 10.75     │          ^^^^^^^^^^^^^
#17 10.75     ╵
#17 10.75     ../../../../bootstrap-5.3.8/assets/stylesheets/bootstrap/_functions.scss 186:10  luminance()
#17 10.75     ../../../../bootstrap-5.3.8/assets/stylesheets/bootstrap/_functions.scss 174:8   contrast-ratio()
#17 10.75     ../../../../bootstrap-5.3.8/assets/stylesheets/bootstrap/_functions.scss 159:22  color-contrast()
#17 10.75     ../../../../bootstrap-5.3.8/assets/stylesheets/bootstrap/_variables.scss 846:42  @import
#17 10.75     ../../../../bootstrap-5.3.8/assets/stylesheets/_bootstrap.scss 8:9               @import
#17 10.75     /rails/app/assets/stylesheets/application.scss 31:9                              root stylesheet
#17 10.76 DEPRECATION WARNING [color-functions]: blue() is deprecated. Suggestion:
#17 10.76 
#17 10.76 color.channel($color, "blue", $space: rgb)
#17 10.76 
#17 10.76 More info: https://sass-lang.com/d/color-functions
#17 10.76 
#17 10.76     ╷
#17 10.76 187 │     "b": blue($color)
#17 10.76     │          ^^^^^^^^^^^^
#17 10.76     ╵
#17 10.76     ../../../../bootstrap-5.3.8/assets/stylesheets/bootstrap/_functions.scss 187:10  luminance()
#17 10.76     ../../../../bootstrap-5.3.8/assets/stylesheets/bootstrap/_functions.scss 174:8   contrast-ratio()
#17 10.76     ../../../../bootstrap-5.3.8/assets/stylesheets/bootstrap/_functions.scss 159:22  color-contrast()
#17 10.76     ../../../../bootstrap-5.3.8/assets/stylesheets/bootstrap/_variables.scss 846:42  @import
#17 10.76     ../../../../bootstrap-5.3.8/assets/stylesheets/_bootstrap.scss 8:9               @import
#17 10.76     /rails/app/assets/stylesheets/application.scss 31:9                              root stylesheet
#17 10.77 DEPRECATION WARNING [color-functions]: red() is deprecated. Suggestion:
#17 10.77 
#17 10.77 color.channel($color, "red", $space: rgb)
#17 10.77 
#17 10.77 More info: https://sass-lang.com/d/color-functions
#17 10.77 
#17 10.77    ╷
#17 10.77 37 │   @return red($value), green($value), blue($value);
#17 10.77    │           ^^^^^^^^^^^
#17 10.77    ╵
#17 10.77     ../../../../bootstrap-5.3.8/assets/stylesheets/bootstrap/_functions.scss 37:11   to-rgb()
#17 10.77     ../../../../bootstrap-5.3.8/assets/stylesheets/bootstrap/_variables.scss 846:31  @import
#17 10.77     ../../../../bootstrap-5.3.8/assets/stylesheets/_bootstrap.scss 8:9               @import
#17 10.77     /rails/app/assets/stylesheets/application.scss 31:9                              root stylesheet
#17 10.77 DEPRECATION WARNING [color-functions]: green() is deprecated. Suggestion:
#17 10.77 
#17 10.77 color.channel($color, "green", $space: rgb)
#17 10.77 
#17 10.77 More info: https://sass-lang.com/d/color-functions
#17 10.77 
#17 10.77    ╷
#17 10.77 37 │   @return red($value), green($value), blue($value);
#17 10.77    │                        ^^^^^^^^^^^^^
#17 10.77    ╵
#17 10.77     ../../../../bootstrap-5.3.8/assets/stylesheets/bootstrap/_functions.scss 37:24   to-rgb()
#17 10.77     ../../../../bootstrap-5.3.8/assets/stylesheets/bootstrap/_variables.scss 846:31  @import
#17 10.77     ../../../../bootstrap-5.3.8/assets/stylesheets/_bootstrap.scss 8:9               @import
#17 10.77     /rails/app/assets/stylesheets/application.scss 31:9                              root stylesheet
#17 12.39 WARNING: 311 repetitive deprecation warnings omitted.
#17 12.39 Run in verbose mode to see all warnings.
#17 13.00 I, [2026-05-08T22:55:04.935344 #7]  INFO -- : Writing /rails/public/assets/manifest-b84bfa46a33d7f0dc4d2e7b8889486c9a957a5e40713d58f54be71b66954a1ff.js
#17 13.00 I, [2026-05-08T22:55:04.936385 #7]  INFO -- : Writing /rails/public/assets/manifest-b84bfa46a33d7f0dc4d2e7b8889486c9a957a5e40713d58f54be71b66954a1ff.js.gz
#17 13.00 I, [2026-05-08T22:55:04.938976 #7]  INFO -- : Writing /rails/public/assets/favicon-d7292fba72cbb841477b30f7abe30959222c1c5f00795768f499f265bb51afc8.png
#17 13.00 I, [2026-05-08T22:55:04.940458 #7]  INFO -- : Writing /rails/public/assets/application-195e685291cb3bc760eb6d1a13a9d14a4e3fa43e7aba4e8f597acf78c3d446a7.css
#17 13.00 I, [2026-05-08T22:55:04.940691 #7]  INFO -- : Writing /rails/public/assets/application-195e685291cb3bc760eb6d1a13a9d14a4e3fa43e7aba4e8f597acf78c3d446a7.css.gz
#17 13.01 I, [2026-05-08T22:55:04.948827 #7]  INFO -- : Writing /rails/public/assets/application-ecf205ea4273bb536b130863fa75ab3130767ee94265560e66786df3101ad669.js
#17 13.03 I, [2026-05-08T22:55:04.957784 #7]  INFO -- : Writing /rails/public/assets/application-ecf205ea4273bb536b130863fa75ab3130767ee94265560e66786df3101ad669.js.gz
#17 13.04 I, [2026-05-08T22:55:04.978675 #7]  INFO -- : Writing /rails/public/assets/channels/consumer-cd0db4239cc9dfd1c5646d7a07967e880e672772bff7d397334c4c7700e59f09.js
#17 13.05 I, [2026-05-08T22:55:04.990480 #7]  INFO -- : Writing /rails/public/assets/channels/consumer-cd0db4239cc9dfd1c5646d7a07967e880e672772bff7d397334c4c7700e59f09.js.gz
#17 13.06 I, [2026-05-08T22:55:04.998679 #7]  INFO -- : Writing /rails/public/assets/channels/index-fc757fb56983bb2dfc6d81b340f1d336aa178a1e4058a6c00deb10e3518598a9.js
#17 13.06 I, [2026-05-08T22:55:05.003439 #7]  INFO -- : Writing /rails/public/assets/channels/index-fc757fb56983bb2dfc6d81b340f1d336aa178a1e4058a6c00deb10e3518598a9.js.gz
#17 13.07 I, [2026-05-08T22:55:05.015416 #7]  INFO -- : Writing /rails/public/assets/controllers/application-368d98631bccbf2349e0d4f8269afb3fe9625118341966de054759d96ea86c7e.js
#17 13.08 I, [2026-05-08T22:55:05.025110 #7]  INFO -- : Writing /rails/public/assets/controllers/application-368d98631bccbf2349e0d4f8269afb3fe9625118341966de054759d96ea86c7e.js.gz
#17 13.10 I, [2026-05-08T22:55:05.041055 #7]  INFO -- : Writing /rails/public/assets/controllers/index-31a9bee606cbc5cdb1593881f388bbf4c345bf693ea24e124f84b6d5c98ab648.js
#17 13.10 I, [2026-05-08T22:55:05.042833 #7]  INFO -- : Writing /rails/public/assets/controllers/index-31a9bee606cbc5cdb1593881f388bbf4c345bf693ea24e124f84b6d5c98ab648.js.gz
#17 13.12 I, [2026-05-08T22:55:05.063115 #7]  INFO -- : Writing /rails/public/assets/turbo-ddc44468c3f2a177272c2635e622ef6a909e2fa74c250a9f98a31a94a87d1d29.js
#17 13.13 I, [2026-05-08T22:55:05.071729 #7]  INFO -- : Writing /rails/public/assets/turbo-ddc44468c3f2a177272c2635e622ef6a909e2fa74c250a9f98a31a94a87d1d29.js.gz
#17 13.13 I, [2026-05-08T22:55:05.075024 #7]  INFO -- : Writing /rails/public/assets/turbo.min-b86d83036ff04169e5bf3ebbc82e0ad528456259e47091b448f41a3cadabdb40.js
#17 13.15 I, [2026-05-08T22:55:05.091705 #7]  INFO -- : Writing /rails/public/assets/turbo.min-b86d83036ff04169e5bf3ebbc82e0ad528456259e47091b448f41a3cadabdb40.js.gz
#17 13.16 I, [2026-05-08T22:55:05.102704 #7]  INFO -- : Writing /rails/public/assets/turbo.min.js-c6732dc7c1683ff78fbfb710f7dda227e58db136b253b8d07628207a5ccdb6b7.map
#17 13.17 I, [2026-05-08T22:55:05.106507 #7]  INFO -- : Writing /rails/public/assets/turbo.min.js-c6732dc7c1683ff78fbfb710f7dda227e58db136b253b8d07628207a5ccdb6b7.map.gz
#17 13.18 I, [2026-05-08T22:55:05.116121 #7]  INFO -- : Writing /rails/public/assets/trix-1464767ac1b2d21b0a1dc002701a61b9bd3da9792b6caf6e2088e856ae71dd90.js
#17 13.20 I, [2026-05-08T22:55:05.140056 #7]  INFO -- : Writing /rails/public/assets/trix-1464767ac1b2d21b0a1dc002701a61b9bd3da9792b6caf6e2088e856ae71dd90.js.gz
#17 13.20 I, [2026-05-08T22:55:05.144778 #7]  INFO -- : Writing /rails/public/assets/trix-1478d38c67bd6fc961f972f173893abb7bbb9e8025ff2e3d77bc2f14a2f52b37.css
#17 13.21 I, [2026-05-08T22:55:05.154727 #7]  INFO -- : Writing /rails/public/assets/trix-1478d38c67bd6fc961f972f173893abb7bbb9e8025ff2e3d77bc2f14a2f52b37.css.gz
#17 13.24 I, [2026-05-08T22:55:05.178829 #7]  INFO -- : Writing /rails/public/assets/actiontext-14f40b9238ba2b8b39374d5420b2f318b15f15a51f9e8efc65caf3eb3b7b9c75.js
#17 13.25 I, [2026-05-08T22:55:05.185902 #7]  INFO -- : Writing /rails/public/assets/actiontext-14f40b9238ba2b8b39374d5420b2f318b15f15a51f9e8efc65caf3eb3b7b9c75.js.gz
#17 13.26 I, [2026-05-08T22:55:05.201915 #7]  INFO -- : Writing /rails/public/assets/actiontext.esm-20b79cd0284fd0b78d86554fa51994f05c5e3db02fd65f7dcd2c62085c0fb46e.js
#17 13.29 I, [2026-05-08T22:55:05.226875 #7]  INFO -- : Writing /rails/public/assets/actiontext.esm-20b79cd0284fd0b78d86554fa51994f05c5e3db02fd65f7dcd2c62085c0fb46e.js.gz
#17 13.37 I, [2026-05-08T22:55:05.304470 #7]  INFO -- : Writing /rails/public/assets/stimulus-f75215805563870a61ee9dc5a207ce46d4675c7e667558a54344fd1e7baa697f.js
#17 13.38 I, [2026-05-08T22:55:05.317737 #7]  INFO -- : Writing /rails/public/assets/stimulus-f75215805563870a61ee9dc5a207ce46d4675c7e667558a54344fd1e7baa697f.js.gz
#17 13.39 I, [2026-05-08T22:55:05.334469 #7]  INFO -- : Writing /rails/public/assets/stimulus-autoloader-c584942b568ba74879da31c7c3d51366737bacaf6fbae659383c0a5653685693.js
#17 13.40 I, [2026-05-08T22:55:05.341848 #7]  INFO -- : Writing /rails/public/assets/stimulus-autoloader-c584942b568ba74879da31c7c3d51366737bacaf6fbae659383c0a5653685693.js.gz
#17 13.40 I, [2026-05-08T22:55:05.345519 #7]  INFO -- : Writing /rails/public/assets/stimulus-importmap-autoloader-db2076c783bf2dbee1226e2add52fef290b5d31b5bcd1edd999ac8a6dd31c44a.js
#17 13.43 I, [2026-05-08T22:55:05.367616 #7]  INFO -- : Writing /rails/public/assets/stimulus-importmap-autoloader-db2076c783bf2dbee1226e2add52fef290b5d31b5bcd1edd999ac8a6dd31c44a.js.gz
#17 13.43 I, [2026-05-08T22:55:05.375620 #7]  INFO -- : Writing /rails/public/assets/stimulus-loading-3576ce92b149ad5d6959438c6f291e2426c86df3b874c525b30faad51b0d96b3.js
#17 13.45 I, [2026-05-08T22:55:05.391497 #7]  INFO -- : Writing /rails/public/assets/stimulus-loading-3576ce92b149ad5d6959438c6f291e2426c86df3b874c525b30faad51b0d96b3.js.gz
#17 13.45 I, [2026-05-08T22:55:05.394662 #7]  INFO -- : Writing /rails/public/assets/stimulus.min-dd364f16ec9504dfb72672295637a1c8838773b01c0b441bd41008124c407894.js
#17 13.46 I, [2026-05-08T22:55:05.402332 #7]  INFO -- : Writing /rails/public/assets/stimulus.min-dd364f16ec9504dfb72672295637a1c8838773b01c0b441bd41008124c407894.js.gz
#17 13.51 I, [2026-05-08T22:55:05.438485 #7]  INFO -- : Writing /rails/public/assets/stimulus-autoloader-c584942b568ba74879da31c7c3d51366737bacaf6fbae659383c0a5653685693.js
#17 13.53 I, [2026-05-08T22:55:05.474113 #7]  INFO -- : Writing /rails/public/assets/stimulus-autoloader-c584942b568ba74879da31c7c3d51366737bacaf6fbae659383c0a5653685693.js.gz
#17 13.54 I, [2026-05-08T22:55:05.477317 #7]  INFO -- : Writing /rails/public/assets/stimulus-importmap-autoloader-db2076c783bf2dbee1226e2add52fef290b5d31b5bcd1edd999ac8a6dd31c44a.js
#17 13.54 I, [2026-05-08T22:55:05.481898 #7]  INFO -- : Writing /rails/public/assets/stimulus-importmap-autoloader-db2076c783bf2dbee1226e2add52fef290b5d31b5bcd1edd999ac8a6dd31c44a.js.gz
#17 13.56 I, [2026-05-08T22:55:05.500056 #7]  INFO -- : Writing /rails/public/assets/stimulus-loading-3576ce92b149ad5d6959438c6f291e2426c86df3b874c525b30faad51b0d96b3.js
#17 13.58 I, [2026-05-08T22:55:05.519717 #7]  INFO -- : Writing /rails/public/assets/stimulus-loading-3576ce92b149ad5d6959438c6f291e2426c86df3b874c525b30faad51b0d96b3.js.gz
#17 13.58 I, [2026-05-08T22:55:05.524053 #7]  INFO -- : Writing /rails/public/assets/stimulus.min.js-2cc63625fa177963b45da974806e7aee846cbf1d4930815733d0fdf3fb232325.map
#17 13.61 I, [2026-05-08T22:55:05.553674 #7]  INFO -- : Writing /rails/public/assets/stimulus.min.js-2cc63625fa177963b45da974806e7aee846cbf1d4930815733d0fdf3fb232325.map.gz
#17 13.62 I, [2026-05-08T22:55:05.561645 #7]  INFO -- : Writing /rails/public/assets/activestorage-540a3fb0ba30935e8ef6a0c69d58dec4561a97dcfd297908db089c4d725bb22a.js
#17 13.67 I, [2026-05-08T22:55:05.605834 #7]  INFO -- : Writing /rails/public/assets/activestorage-540a3fb0ba30935e8ef6a0c69d58dec4561a97dcfd297908db089c4d725bb22a.js.gz
#17 13.67 I, [2026-05-08T22:55:05.607432 #7]  INFO -- : Writing /rails/public/assets/activestorage.esm-3f2e9c040e7870f701a98bbbb1c77c979bbbdab80af967b59174f14d9388a0c1.js
#17 13.67 I, [2026-05-08T22:55:05.610983 #7]  INFO -- : Writing /rails/public/assets/activestorage.esm-3f2e9c040e7870f701a98bbbb1c77c979bbbdab80af967b59174f14d9388a0c1.js.gz
#17 13.69 I, [2026-05-08T22:55:05.625428 #7]  INFO -- : Writing /rails/public/assets/actioncable-323d156a10054ee2c94ba8a17c20458f542a17234f934ea53d16e0e1899fda5e.js
#17 13.70 I, [2026-05-08T22:55:05.641678 #7]  INFO -- : Writing /rails/public/assets/actioncable-323d156a10054ee2c94ba8a17c20458f542a17234f934ea53d16e0e1899fda5e.js.gz
#17 13.72 I, [2026-05-08T22:55:05.649802 #7]  INFO -- : Writing /rails/public/assets/actioncable.esm-b66d83871f0a453b10ba8b4c147c2bafa655caaa5d13fa34e9bf361c1c2aedb7.js
#17 13.72 I, [2026-05-08T22:55:05.650944 #7]  INFO -- : Writing /rails/public/assets/actioncable.esm-b66d83871f0a453b10ba8b4c147c2bafa655caaa5d13fa34e9bf361c1c2aedb7.js.gz
#17 DONE 14.2s

#18 [stage-2 1/3] RUN groupadd --system --gid 1000 rails &&     useradd rails --uid 1000 --gid 1000 --create-home --shell /bin/bash
#18 CACHED

#19 [stage-2 2/3] COPY --chown=rails:rails --from=build /usr/local/bundle /usr/local/bundle
#19 DONE 8.5s

#20 [stage-2 3/3] COPY --chown=rails:rails --from=build /rails /rails
#20 DONE 4.2s

#21 exporting to image
#21 exporting layers
#21 exporting layers 24.7s done
#21 exporting manifest sha256:fd20c94e3f2ef648059a5244c252dba8927b9f24e8da0762f13e916aaa8974e8 0.0s done
#21 exporting config sha256:ead81121aec6c2189b9bbaa083723ee11f15d93d4204f827eabaf3354556c59b 0.0s done
#21 exporting attestation manifest sha256:a2d88816488d5370436ea959bb8310895082f2acb55ad76ebcd3dd1d52fee9bc
#21 exporting attestation manifest sha256:a2d88816488d5370436ea959bb8310895082f2acb55ad76ebcd3dd1d52fee9bc 0.1s done
#21 exporting manifest list sha256:aa0a583fdb80ecb4995f9c84a0f4547b6e9d218324713471211ff833683ece07 0.0s done
#21 naming to docker.io/library/job-board-web:latest 0.0s done
#21 unpacking to docker.io/library/job-board-web:latest
#21 unpacking to docker.io/library/job-board-web:latest 14.4s done
#21 DONE 39.5s

#22 resolving provenance for metadata file
#22 DONE 0.2s
 Image job-board-web Built 
